
2026-05-19 11:02:53 | State: RUNNING | CPU: 0.67% | System: OK | Instance: OK | Result: ALL OK

2026-05-20 07:00:02 | State: RUNNING | CPU: 0.22% | System: OK | Instance: OK | Result: ALL OK
==================================================
  EC2 HEALTH CHECK REPORT
  Run time : 2026-05-20 07:00:02
  Instance : My-Linux-Practice
==================================================

──────────────────────────────────────────────────
  Instance Info
──────────────────────────────────────────────────
  ID       : i-052a2c40b063e5d22
  Type     : t2.micro
  State    : RUNNING
  AZ       : us-east-1c
  Launched : 2026-05-20 06:51

──────────────────────────────────────────────────
  Status Checks
──────────────────────────────────────────────────
  System check   : OK
  Instance check : OK

──────────────────────────────────────────────────
  CPU Utilization
──────────────────────────────────────────────────
  Current : 0.22%
  Status  : OK
  Warn at : 70%   Critical at : 90%

──────────────────────────────────────────────────
  Summary
──────────────────────────────────────────────────
  [✓] Instance state       OK
  [✓] System check         OK
  [✓] Instance check       OK
  [✓] CPU                  OK

  ✓ All checks passed. Instance is healthy.

==================================================

2026-05-20 07:08:14 | State: RUNNING | CPU: 0.53% | System: OK | Instance: OK | Result: ALL OK
